// Jest Snapshot v1, https://goo.gl/fbAQLP

exports[`default button a11y: toMatchA11ySnapshot 1`] = `
"role: WebArea
children:
  -
    role: button
    name: 'test button'
"
`;

exports[`full width button a11y: toMatchA11ySnapshot 1`] = `
"role: WebArea
children:
  -
    role: button
    name: 'test button'
"
`;
