// Jest Snapshot v1, https://goo.gl/fbAQLP

exports[`default image a11y: toMatchA11ySnapshot 1`] = `
"role: WebArea
children:
  -
    role: img
    name: 'Manchester skyline'
  -
    role: img
    name: 'Manchester skyline'
"
`;
